Archive member included to satisfy reference by file (symbol)

/opt/st/stm32cubeclt_1.20.0/GNU-tools-for-STM32/bin/../lib/gcc/arm-none-eabi/13.3.1/thumb/v7-m/nofp/libgcc.a(_arm_mulsf3.o)
                              CMakeFiles/LEDadjustment.dir/Core/Src/main.c.obj (__aeabi_fmul)
/opt/st/stm32cubeclt_1.20.0/GNU-tools-for-STM32/bin/../lib/gcc/arm-none-eabi/13.3.1/thumb/v7-m/nofp/libgcc.a(_arm_addsubsf3.o)
                              CMakeFiles/LEDadjustment.dir/Core/Src/main.c.obj (__aeabi_i2f)
/opt/st/stm32cubeclt_1.20.0/GNU-tools-for-STM32/bin/../lib/gcc/arm-none-eabi/13.3.1/thumb/v7-m/nofp/libgcc.a(_arm_fixunssfsi.o)
                              CMakeFiles/LEDadjustment.dir/Core/Src/main.c.obj (__aeabi_f2uiz)
/opt/st/stm32cubeclt_1.20.0/GNU-tools-for-STM32/bin/../lib/gcc/arm-none-eabi/13.3.1/../../../../arm-none-eabi/lib/thumb/v7-m/nofp/libg_nano.a(libc_a-exit.o)
                              /opt/st/stm32cubeclt_1.20.0/GNU-tools-for-STM32/bin/../lib/gcc/arm-none-eabi/13.3.1/../../../../arm-none-eabi/lib/thumb/v7-m/nofp/crt0.o (exit)
/opt/st/stm32cubeclt_1.20.0/GNU-tools-for-STM32/bin/../lib/gcc/arm-none-eabi/13.3.1/../../../../arm-none-eabi/lib/thumb/v7-m/nofp/libg_nano.a(libc_a-findfp.o)
                              /opt/st/stm32cubeclt_1.20.0/GNU-tools-for-STM32/bin/../lib/gcc/arm-none-eabi/13.3.1/../../../../arm-none-eabi/lib/thumb/v7-m/nofp/libg_nano.a(libc_a-exit.o) (__stdio_exit_handler)
/opt/st/stm32cubeclt_1.20.0/GNU-tools-for-STM32/bin/../lib/gcc/arm-none-eabi/13.3.1/../../../../arm-none-eabi/lib/thumb/v7-m/nofp/libg_nano.a(libc_a-fwalk.o)
                              /opt/st/stm32cubeclt_1.20.0/GNU-tools-for-STM32/bin/../lib/gcc/arm-none-eabi/13.3.1/../../../../arm-none-eabi/lib/thumb/v7-m/nofp/libg_nano.a(libc_a-findfp.o) (_fwalk_sglue)
/opt/st/stm32cubeclt_1.20.0/GNU-tools-for-STM32/bin/../lib/gcc/arm-none-eabi/13.3.1/../../../../arm-none-eabi/lib/thumb/v7-m/nofp/libg_nano.a(libc_a-stdio.o)
                              /opt/st/stm32cubeclt_1.20.0/GNU-tools-for-STM32/bin/../lib/gcc/arm-none-eabi/13.3.1/../../../../arm-none-eabi/lib/thumb/v7-m/nofp/libg_nano.a(libc_a-findfp.o) (__sread)
/opt/st/stm32cubeclt_1.20.0/GNU-tools-for-STM32/bin/../lib/gcc/arm-none-eabi/13.3.1/../../../../arm-none-eabi/lib/thumb/v7-m/nofp/libg_nano.a(libc_a-memset.o)
                              /opt/st/stm32cubeclt_1.20.0/GNU-tools-for-STM32/bin/../lib/gcc/arm-none-eabi/13.3.1/../../../../arm-none-eabi/lib/thumb/v7-m/nofp/crt0.o (memset)
/opt/st/stm32cubeclt_1.20.0/GNU-tools-for-STM32/bin/../lib/gcc/arm-none-eabi/13.3.1/../../../../arm-none-eabi/lib/thumb/v7-m/nofp/libg_nano.a(libc_a-closer.o)
                              /opt/st/stm32cubeclt_1.20.0/GNU-tools-for-STM32/bin/../lib/gcc/arm-none-eabi/13.3.1/../../../../arm-none-eabi/lib/thumb/v7-m/nofp/libg_nano.a(libc_a-stdio.o) (_close_r)
/opt/st/stm32cubeclt_1.20.0/GNU-tools-for-STM32/bin/../lib/gcc/arm-none-eabi/13.3.1/../../../../arm-none-eabi/lib/thumb/v7-m/nofp/libg_nano.a(libc_a-reent.o)
                              /opt/st/stm32cubeclt_1.20.0/GNU-tools-for-STM32/bin/../lib/gcc/arm-none-eabi/13.3.1/../../../../arm-none-eabi/lib/thumb/v7-m/nofp/libg_nano.a(libc_a-closer.o) (errno)
/opt/st/stm32cubeclt_1.20.0/GNU-tools-for-STM32/bin/../lib/gcc/arm-none-eabi/13.3.1/../../../../arm-none-eabi/lib/thumb/v7-m/nofp/libg_nano.a(libc_a-impure.o)
                              /opt/st/stm32cubeclt_1.20.0/GNU-tools-for-STM32/bin/../lib/gcc/arm-none-eabi/13.3.1/../../../../arm-none-eabi/lib/thumb/v7-m/nofp/libg_nano.a(libc_a-reent.o) (_impure_ptr)
/opt/st/stm32cubeclt_1.20.0/GNU-tools-for-STM32/bin/../lib/gcc/arm-none-eabi/13.3.1/../../../../arm-none-eabi/lib/thumb/v7-m/nofp/libg_nano.a(libc_a-lseekr.o)
                              /opt/st/stm32cubeclt_1.20.0/GNU-tools-for-STM32/bin/../lib/gcc/arm-none-eabi/13.3.1/../../../../arm-none-eabi/lib/thumb/v7-m/nofp/libg_nano.a(libc_a-stdio.o) (_lseek_r)
/opt/st/stm32cubeclt_1.20.0/GNU-tools-for-STM32/bin/../lib/gcc/arm-none-eabi/13.3.1/../../../../arm-none-eabi/lib/thumb/v7-m/nofp/libg_nano.a(libc_a-readr.o)
                              /opt/st/stm32cubeclt_1.20.0/GNU-tools-for-STM32/bin/../lib/gcc/arm-none-eabi/13.3.1/../../../../arm-none-eabi/lib/thumb/v7-m/nofp/libg_nano.a(libc_a-stdio.o) (_read_r)
/opt/st/stm32cubeclt_1.20.0/GNU-tools-for-STM32/bin/../lib/gcc/arm-none-eabi/13.3.1/../../../../arm-none-eabi/lib/thumb/v7-m/nofp/libg_nano.a(libc_a-writer.o)
                              /opt/st/stm32cubeclt_1.20.0/GNU-tools-for-STM32/bin/../lib/gcc/arm-none-eabi/13.3.1/../../../../arm-none-eabi/lib/thumb/v7-m/nofp/libg_nano.a(libc_a-stdio.o) (_write_r)
/opt/st/stm32cubeclt_1.20.0/GNU-tools-for-STM32/bin/../lib/gcc/arm-none-eabi/13.3.1/../../../../arm-none-eabi/lib/thumb/v7-m/nofp/libg_nano.a(libc_a-errno.o)
                              CMakeFiles/LEDadjustment.dir/Core/Src/sysmem.c.obj (__errno)
[...]
Memory Configuration

Name             Origin             Length             Attributes
RAM              0x20000000         0x00005000         xrw
FLASH            0x08000000         0x00010000         xr
*default*        0x00000000         0xffffffff

Linker script and memory map

LOAD /opt/st/stm32cubeclt_1.20.0/GNU-tools-for-STM32/bin/../lib/gcc/arm-none-eabi/13.3.1/thumb/v7-m/nofp/crti.o
LOAD /opt/st/stm32cubeclt_1.20.0/GNU-tools-for-STM32/bin/../lib/gcc/arm-none-eabi/13.3.1/thumb/v7-m/nofp/crtbegin.o
LOAD /opt/st/stm32cubeclt_1.20.0/GNU-tools-for-STM32/bin/../lib/gcc/arm-none-eabi/13.3.1/../../../../arm-none-eabi/lib/thumb/v7-m/nofp/crt0.o
LOAD CMakeFiles/LEDadjustment.dir/Core/Src/main.c.obj
LOAD CMakeFiles/LEDadjustment.dir/Core/Src/stm32f1xx_it.c.obj
LOAD CMakeFiles/LEDadjustment.dir/Core/Src/stm32f1xx_hal_msp.c.obj
LOAD CMakeFiles/LEDadjustment.dir/Core/Src/sysmem.c.obj
LOAD CMakeFiles/LEDadjustment.dir/Core/Src/syscalls.c.obj
LOAD CMakeFiles/LEDadjustment.dir/startup_stm32f103xb.s.obj
LOAD cmake/stm32cubemx/CMakeFiles/STM32_Drivers.dir/__/__/Core/Src/system_stm32f1xx.c.obj
LOAD cmake/stm32cubemx/CMakeFiles/STM32_Drivers.dir/__/__/Drivers/STM32F1xx_HAL_Driver/Src/stm32f1xx_hal_gpio_ex.c.obj
LOAD cmake/stm32cubemx/CMakeFiles/STM32_Drivers.dir/__/__/Drivers/STM32F1xx_HAL_Driver/Src/stm32f1xx_hal_tim.c.obj
LOAD cmake/stm32cubemx/CMakeFiles/STM32_Drivers.dir/__/__/Drivers/STM32F1xx_HAL_Driver/Src/stm32f1xx_hal_tim_ex.c.obj
LOAD cmake/stm32cubemx/CMakeFiles/STM32_Drivers.dir/__/__/Drivers/STM32F1xx_HAL_Driver/Src/stm32f1xx_hal.c.obj
LOAD cmake/stm32cubemx/CMakeFiles/STM32_Drivers.dir/__/__/Drivers/STM32F1xx_HAL_Driver/Src/stm32f1xx_hal_rcc.c.obj
LOAD cmake/stm32cubemx/CMakeFiles/STM32_Drivers.dir/__/__/Drivers/STM32F1xx_HAL_Driver/Src/stm32f1xx_hal_rcc_ex.c.obj
LOAD cmake/stm32cubemx/CMakeFiles/STM32_Drivers.dir/__/__/Drivers/STM32F1xx_HAL_Driver/Src/stm32f1xx_hal_gpio.c.obj
LOAD cmake/stm32cubemx/CMakeFiles/STM32_Drivers.dir/__/__/Drivers/STM32F1xx_HAL_Driver/Src/stm32f1xx_hal_dma.c.obj
LOAD cmake/stm32cubemx/CMakeFiles/STM32_Drivers.dir/__/__/Drivers/STM32F1xx_HAL_Driver/Src/stm32f1xx_hal_cortex.c.obj
LOAD cmake/stm32cubemx/CMakeFiles/STM32_Drivers.dir/__/__/Drivers/STM32F1xx_HAL_Driver/Src/stm32f1xx_hal_pwr.c.obj
LOAD cmake/stm32cubemx/CMakeFiles/STM32_Drivers.dir/__/__/Drivers/STM32F1xx_HAL_Driver/Src/stm32f1xx_hal_flash.c.obj
LOAD cmake/stm32cubemx/CMakeFiles/STM32_Drivers.dir/__/__/Drivers/STM32F1xx_HAL_Driver/Src/stm32f1xx_hal_flash_ex.c.obj
LOAD cmake/stm32cubemx/CMakeFiles/STM32_Drivers.dir/__/__/Drivers/STM32F1xx_HAL_Driver/Src/stm32f1xx_hal_exti.c.obj
LOAD /opt/st/stm32cubeclt_1.20.0/GNU-tools-for-STM32/bin/../lib/gcc/arm-none-eabi/13.3.1/../../../../arm-none-eabi/lib/thumb/v7-m/nofp/libm.a
START GROUP
LOAD /opt/st/stm32cubeclt_1.20.0/GNU-tools-for-STM32/bin/../lib/gcc/arm-none-eabi/13.3.1/thumb/v7-m/nofp/libgcc.a
LOAD /opt/st/stm32cubeclt_1.20.0/GNU-tools-for-STM32/bin/../lib/gcc/arm-none-eabi/13.3.1/../../../../arm-none-eabi/lib/thumb/v7-m/nofp/libg_nano.a
LOAD /opt/st/stm32cubeclt_1.20.0/GNU-tools-for-STM32/bin/../lib/gcc/arm-none-eabi/13.3.1/../../../../arm-none-eabi/lib/thumb/v7-m/nofp/libc_nano.a
END GROUP
START GROUP
LOAD /opt/st/stm32cubeclt_1.20.0/GNU-tools-for-STM32/bin/../lib/gcc/arm-none-eabi/13.3.1/thumb/v7-m/nofp/libgcc.a
LOAD /opt/st/stm32cubeclt_1.20.0/GNU-tools-for-STM32/bin/../lib/gcc/arm-none-eabi/13.3.1/../../../../arm-none-eabi/lib/thumb/v7-m/nofp/libc_nano.a
END GROUP
LOAD /opt/st/stm32cubeclt_1.20.0/GNU-tools-for-STM32/bin/../lib/gcc/arm-none-eabi/13.3.1/thumb/v7-m/nofp/crtend.o
LOAD /opt/st/stm32cubeclt_1.20.0/GNU-tools-for-STM32/bin/../lib/gcc/arm-none-eabi/13.3.1/thumb/v7-m/nofp/crtn.o
                0x20005000                        _estack = (ORIGIN (RAM) + LENGTH (RAM))
                0x00000200                        _Min_Heap_Size = 0x200
                0x00000400                        _Min_Stack_Size = 0x400

.isr_vector     0x08000000      0x10c
                0x08000000                        . = ALIGN (0x4)
 *(.isr_vector)
 .isr_vector    0x08000000      0x10c CMakeFiles/LEDadjustment.dir/startup_stm32f103xb.s.obj
                0x08000000                g_pfnVectors
                0x0800010c                        . = ALIGN (0x4)

.text           0x0800010c     0x1d58
                0x0800010c                        . = ALIGN (0x4)
 *(.text)
 .text          0x0800010c       0x40 /opt/st/stm32cubeclt_1.20.0/GNU-tools-for-STM32/bin/../lib/gcc/arm-none-eabi/13.3.1/thumb/v7-m/nofp/crtbegin.o
 .text          0x0800014c      0x168 /opt/st/stm32cubeclt_1.20.0/GNU-tools-for-STM32/bin/../lib/gcc/arm-none-eabi/13.3.1/thumb/v7-m/nofp/libgcc.a(_arm_mulsf3.o)
                0x0800014c                __mulsf3
                0x0800014c                __aeabi_fmul
 .text          0x080002b4      0x21c /opt/st/stm32cubeclt_1.20.0/GNU-tools-for-STM32/bin/../lib/gcc/arm-none-eabi/13.3.1/thumb/v7-m/nofp/libgcc.a(_arm_addsubsf3.o)
                0x080002b4                __aeabi_frsub
                0x080002bc                __subsf3
                0x080002bc                __aeabi_fsub
                0x080002c0                __aeabi_fadd
                0x080002c0                __addsf3
                0x08000420                __aeabi_ui2f
                0x08000420                __floatunsisf
                0x08000428                __aeabi_i2f
                0x08000428                __floatsisf
                0x08000444                __floatundisf
                0x08000444                __aeabi_ul2f
                0x08000454                __floatdisf
                0x08000454                __aeabi_l2f
 .text          0x080004d0       0x40 /opt/st/stm32cubeclt_1.20.0/GNU-tools-for-STM32/bin/../lib/gcc/arm-none-eabi/13.3.1/thumb/v7-m/nofp/libgcc.a(_arm_fixunssfsi.o)
                0x080004d0                __aeabi_f2uiz
                0x080004d0                __fixunssfsi
 *(.text*)
 .text.Apply_LED_Recipe
                0x08000510       0x94 CMakeFiles/LEDadjustment.dir/Core/Src/main.c.obj
                0x08000510                Apply_LED_Recipe
 .text.main     0x080005a4       0x50 CMakeFiles/LEDadjustment.dir/Core/Src/main.c.obj
                0x080005a4                main
 .text.SystemClock_Config
                0x080005f4       0x76 CMakeFiles/LEDadjustment.dir/Core/Src/main.c.obj
                0x080005f4                SystemClock_Config
 *fill*         0x0800066a        0x2 
 .text.MX_GPIO_Init
                0x0800066c       0x44 CMakeFiles/LEDadjustment.dir/Core/Src/main.c.obj
 .text.MX_TIM1_Init
                0x080006b0       0xb8 CMakeFiles/LEDadjustment.dir/Core/Src/main.c.obj
 .text.Error_Handler
                0x08000768        0xc CMakeFiles/LEDadjustment.dir/Core/Src/main.c.obj
                0x08000768                Error_Handler
 .text.NMI_Handler
                0x08000774        0x8 CMakeFiles/LEDadjustment.dir/Core/Src/stm32f1xx_it.c.obj
                0x08000774                NMI_Handler
 .text.HardFault_Handler
                0x0800077c        0x8 CMakeFiles/LEDadjustment.dir/Core/Src/stm32f1xx_it.c.obj
                0x0800077c                HardFault_Handler
 .text.MemManage_Handler
                0x08000784        0x8 CMakeFiles/LEDadjustment.dir/Core/Src/stm32f1xx_it.c.obj
                0x08000784                MemManage_Handler
 .text.BusFault_Handler
                0x0800078c        0x8 CMakeFiles/LEDadjustment.dir/Core/Src/stm32f1xx_it.c.obj
                0x0800078c                BusFault_Handler
 .text.UsageFault_Handler
                0x08000794        0x8 CMakeFiles/LEDadjustment.dir/Core/Src/stm32f1xx_it.c.obj
                0x08000794                UsageFault_Handler
 .text.SVC_Handler
                0x0800079c        0xc CMakeFiles/LEDadjustment.dir/Core/Src/stm32f1xx_it.c.obj
                0x0800079c                SVC_Handler
 .text.DebugMon_Handler
                0x080007a8        0xc CMakeFiles/LEDadjustment.dir/Core/Src/stm32f1xx_it.c.obj
                0x080007a8                DebugMon_Handler
 .text.PendSV_Handler
                0x080007b4        0xc CMakeFiles/LEDadjustment.dir/Core/Src/stm32f1xx_it.c.obj
                0x080007b4                PendSV_Handler
 .text.SysTick_Handler
                0x080007c0        0xc CMakeFiles/LEDadjustment.dir/Core/Src/stm32f1xx_it.c.obj
                0x080007c0                SysTick_Handler
 .text.HAL_MspInit
                0x080007cc       0x64 CMakeFiles/LEDadjustment.dir/Core/Src/stm32f1xx_hal_msp.c.obj
                0x080007cc                HAL_MspInit
 .text.HAL_TIM_PWM_MspInit
                0x08000830       0x3c CMakeFiles/LEDadjustment.dir/Core/Src/stm32f1xx_hal_msp.c.obj
                0x08000830                HAL_TIM_PWM_MspInit
 .text.Reset_Handler
                0x0800086c       0x48 CMakeFiles/LEDadjustment.dir/startup_stm32f103xb.s.obj
                0x0800086c                Reset_Handler
 .text.Default_Handler
                0x080008b4        0x2 CMakeFiles/LEDadjustment.dir/startup_stm32f103xb.s.obj
                0x080008b4                RTC_Alarm_IRQHandler
                0x080008b4                EXTI2_IRQHandler
                0x080008b4                TIM1_CC_IRQHandler
                0x080008b4                PVD_IRQHandler
                0x080008b4                EXTI3_IRQHandler
                0x080008b4                EXTI0_IRQHandler
                0x080008b4                I2C2_EV_IRQHandler
                0x080008b4                ADC1_2_IRQHandler
                0x080008b4                SPI1_IRQHandler
                0x080008b4                TAMPER_IRQHandler
                0x080008b4                DMA1_Channel4_IRQHandler
                0x080008b4                USART3_IRQHandler
                0x080008b4                RTC_IRQHandler
                0x080008b4                DMA1_Channel7_IRQHandler
                0x080008b4                CAN1_RX1_IRQHandler
                0x080008b4                TIM4_IRQHandler
                0x080008b4                I2C1_EV_IRQHandler
                0x080008b4                DMA1_Channel6_IRQHandler
                0x080008b4                TIM3_IRQHandler
                0x080008b4                RCC_IRQHandler
                0x080008b4                TIM1_TRG_COM_IRQHandler
                0x080008b4                DMA1_Channel1_IRQHandler
                0x080008b4                Default_Handler
                0x080008b4                EXTI15_10_IRQHandler
                0x080008b4                EXTI9_5_IRQHandler
                0x080008b4                SPI2_IRQHandler
                0x080008b4                DMA1_Channel5_IRQHandler
                0x080008b4                EXTI4_IRQHandler
                0x080008b4                USB_LP_CAN1_RX0_IRQHandler
                0x080008b4                USB_HP_CAN1_TX_IRQHandler
                0x080008b4                DMA1_Channel3_IRQHandler
                0x080008b4                TIM1_UP_IRQHandler
                0x080008b4                WWDG_IRQHandler
                0x080008b4                TIM2_IRQHandler
                0x080008b4                TIM1_BRK_IRQHandler
                0x080008b4                EXTI1_IRQHandler
                0x080008b4                USART2_IRQHandler
                0x080008b4                I2C2_ER_IRQHandler
                0x080008b4                DMA1_Channel2_IRQHandler
                0x080008b4                CAN1_SCE_IRQHandler
                0x080008b4                FLASH_IRQHandler
                0x080008b4                USART1_IRQHandler
                0x080008b4                I2C1_ER_IRQHandler
                0x080008b4                USBWakeUp_IRQHandler
 .text.SystemInit
                0x080008b6        0xc cmake/stm32cubemx/CMakeFiles/STM32_Drivers.dir/__/__/Core/Src/system_stm32f1xx.c.obj
                0x080008b6                SystemInit
 .text.HAL_TIM_PWM_Init
                0x080008c2       0x9e cmake/stm32cubemx/CMakeFiles/STM32_Drivers.dir/__/__/Drivers/STM32F1xx_HAL_Driver/Src/stm32f1xx_hal_tim.c.obj
                0x080008c2                HAL_TIM_PWM_Init
 .text.HAL_TIM_PWM_Start
                0x08000960      0x144 cmake/stm32cubemx/CMakeFiles/STM32_Drivers.dir/__/__/Drivers/STM32F1xx_HAL_Driver/Src/stm32f1xx_hal_tim.c.obj
                0x08000960                HAL_TIM_PWM_Start
 .text.HAL_TIM_PWM_ConfigChannel
                0x08000aa4      0x184 cmake/stm32cubemx/CMakeFiles/STM32_Drivers.dir/__/__/Drivers/STM32F1xx_HAL_Driver/Src/stm32f1xx_hal_tim.c.obj
                0x08000aa4                HAL_TIM_PWM_ConfigChannel
 .text.TIM_Base_SetConfig
                0x08000c28       0xdc cmake/stm32cubemx/CMakeFiles/STM32_Drivers.dir/__/__/Drivers/STM32F1xx_HAL_Driver/Src/stm32f1xx_hal_tim.c.obj
                0x08000c28                TIM_Base_SetConfig
 .text.TIM_OC1_SetConfig
                0x08000d04       0xcc cmake/stm32cubemx/CMakeFiles/STM32_Drivers.dir/__/__/Drivers/STM32F1xx_HAL_Driver/Src/stm32f1xx_hal_tim.c.obj
 .text.TIM_OC2_SetConfig
                0x08000dd0       0xd4 cmake/stm32cubemx/CMakeFiles/STM32_Drivers.dir/__/__/Drivers/STM32F1xx_HAL_Driver/Src/stm32f1xx_hal_tim.c.obj
                0x08000dd0                TIM_OC2_SetConfig
 .text.TIM_OC3_SetConfig
                0x08000ea4       0xd4 cmake/stm32cubemx/CMakeFiles/STM32_Drivers.dir/__/__/Drivers/STM32F1xx_HAL_Driver/Src/stm32f1xx_hal_tim.c.obj
 .text.TIM_OC4_SetConfig
                0x08000f78       0x9c cmake/stm32cubemx/CMakeFiles/STM32_Drivers.dir/__/__/Drivers/STM32F1xx_HAL_Driver/Src/stm32f1xx_hal_tim.c.obj
 .text.TIM_CCxChannelCmd
                0x08001014       0x48 cmake/stm32cubemx/CMakeFiles/STM32_Drivers.dir/__/__/Drivers/STM32F1xx_HAL_Driver/Src/stm32f1xx_hal_tim.c.obj
                0x08001014                TIM_CCxChannelCmd
 .text.HAL_Init
                0x0800105c       0x2c cmake/stm32cubemx/CMakeFiles/STM32_Drivers.dir/__/__/Drivers/STM32F1xx_HAL_Driver/Src/stm32f1xx_hal.c.obj
                0x0800105c                HAL_Init
 .text.HAL_InitTick
                0x08001088       0x60 cmake/stm32cubemx/CMakeFiles/STM32_Drivers.dir/__/__/Drivers/STM32F1xx_HAL_Driver/Src/stm32f1xx_hal.c.obj
                0x08001088                HAL_InitTick
 .text.HAL_IncTick
                0x080010e8       0x24 cmake/stm32cubemx/CMakeFiles/STM32_Drivers.dir/__/__/Drivers/STM32F1xx_HAL_Driver/Src/stm32f1xx_hal.c.obj
                0x080010e8                HAL_IncTick
 .text.HAL_GetTick
                0x0800110c       0x14 cmake/stm32cubemx/CMakeFiles/STM32_Drivers.dir/__/__/Drivers/STM32F1xx_HAL_Driver/Src/stm32f1xx_hal.c.obj
                0x0800110c                HAL_GetTick
 .text.HAL_Delay
                0x08001120       0x48 cmake/stm32cubemx/CMakeFiles/STM32_Drivers.dir/__/__/Drivers/STM32F1xx_HAL_Driver/Src/stm32f1xx_hal.c.obj
                0x08001120                HAL_Delay
 .text.HAL_RCC_OscConfig
                0x08001168      0x504 cmake/stm32cubemx/CMakeFiles/STM32_Drivers.dir/__/__/Drivers/STM32F1xx_HAL_Driver/Src/stm32f1xx_hal_rcc.c.obj
                0x08001168                HAL_RCC_OscConfig
 .text.HAL_RCC_ClockConfig
                0x0800166c      0x1d4 cmake/stm32cubemx/CMakeFiles/STM32_Drivers.dir/__/__/Drivers/STM32F1xx_HAL_Driver/Src/stm32f1xx_hal_rcc.c.obj
                0x0800166c                HAL_RCC_ClockConfig
 .text.HAL_RCC_GetSysClockFreq
                0x08001840       0xa8 cmake/stm32cubemx/CMakeFiles/STM32_Drivers.dir/__/__/Drivers/STM32F1xx_HAL_Driver/Src/stm32f1xx_hal_rcc.c.obj
                0x08001840                HAL_RCC_GetSysClockFreq
 .text.RCC_Delay
                0x080018e8       0x3c cmake/stm32cubemx/CMakeFiles/STM32_Drivers.dir/__/__/Drivers/STM32F1xx_HAL_Driver/Src/stm32f1xx_hal_rcc.c.obj
 .text.HAL_GPIO_Init
                0x08001924      0x308 cmake/stm32cubemx/CMakeFiles/STM32_Drivers.dir/__/__/Drivers/STM32F1xx_HAL_Driver/Src/stm32f1xx_hal_gpio.c.obj
                0x08001924                HAL_GPIO_Init
 .text.__NVIC_SetPriorityGrouping
                0x08001c2c       0x48 cmake/stm32cubemx/CMakeFiles/STM32_Drivers.dir/__/__/Drivers/STM32F1xx_HAL_Driver/Src/stm32f1xx_hal_cortex.c.obj
 .text.__NVIC_GetPriorityGrouping
                0x08001c74       0x1c cmake/stm32cubemx/CMakeFiles/STM32_Drivers.dir/__/__/Drivers/STM32F1xx_HAL_Driver/Src/stm32f1xx_hal_cortex.c.obj
 .text.__NVIC_SetPriority
                0x08001c90       0x54 cmake/stm32cubemx/CMakeFiles/STM32_Drivers.dir/__/__/Drivers/STM32F1xx_HAL_Driver/Src/stm32f1xx_hal_cortex.c.obj
 .text.NVIC_EncodePriority
                0x08001ce4       0x64 cmake/stm32cubemx/CMakeFiles/STM32_Drivers.dir/__/__/Drivers/STM32F1xx_HAL_Driver/Src/stm32f1xx_hal_cortex.c.obj
 .text.SysTick_Config
                0x08001d48       0x44 cmake/stm32cubemx/CMakeFiles/STM32_Drivers.dir/__/__/Drivers/STM32F1xx_HAL_Driver/Src/stm32f1xx_hal_cortex.c.obj
 .text.HAL_NVIC_SetPriorityGrouping
                0x08001d8c       0x16 cmake/stm32cubemx/CMakeFiles/STM32_Drivers.dir/__/__/Drivers/STM32F1xx_HAL_Driver/Src/stm32f1xx_hal_cortex.c.obj
                0x08001d8c                HAL_NVIC_SetPriorityGrouping
 .text.HAL_NVIC_SetPriority
                0x08001da2       0x38 cmake/stm32cubemx/CMakeFiles/STM32_Drivers.dir/__/__/Drivers/STM32F1xx_HAL_Driver/Src/stm32f1xx_hal_cortex.c.obj
                0x08001da2                HAL_NVIC_SetPriority
 .text.HAL_SYSTICK_Config
                0x08001dda       0x18 cmake/stm32cubemx/CMakeFiles/STM32_Drivers.dir/__/__/Drivers/STM32F1xx_HAL_Driver/Src/stm32f1xx_hal_cortex.c.obj
                0x08001dda                HAL_SYSTICK_Config
 .text.memset   0x08001df2       0x10 /opt/st/stm32cubeclt_1.20.0/GNU-tools-for-STM32/bin/../lib/gcc/arm-none-eabi/13.3.1/../../../../arm-none-eabi/lib/thumb/v7-m/nofp/libg_nano.a(libc_a-memset.o)
                0x08001df2                memset
 *fill*         0x08001e02        0x2 
 .text.__libc_init_array
                0x08001e04       0x48 /opt/st/stm32cubeclt_1.20.0/GNU-tools-for-STM32/bin/../lib/gcc/arm-none-eabi/13.3.1/../../../../arm-none-eabi/lib/thumb/v7-m/nofp/libg_nano.a(libc_a-init.o)
                0x08001e04                __libc_init_array
 *(.glue_7)
 .glue_7        0x08001e4c        0x0 linker stubs
 *(.glue_7t)
 .glue_7t       0x08001e4c        0x0 linker stubs
 *(.eh_frame)
 .eh_frame      0x08001e4c        0x0 /opt/st/stm32cubeclt_1.20.0/GNU-tools-for-STM32/bin/../lib/gcc/arm-none-eabi/13.3.1/thumb/v7-m/nofp/crtbegin.o
 *(.init)
 .init          0x08001e4c        0x4 /opt/st/stm32cubeclt_1.20.0/GNU-tools-for-STM32/bin/../lib/gcc/arm-none-eabi/13.3.1/thumb/v7-m/nofp/crti.o
                0x08001e4c                _init
 .init          0x08001e50        0x8 /opt/st/stm32cubeclt_1.20.0/GNU-tools-for-STM32/bin/../lib/gcc/arm-none-eabi/13.3.1/thumb/v7-m/nofp/crtn.o
 *(.fini)
 .fini          0x08001e58        0x4 /opt/st/stm32cubeclt_1.20.0/GNU-tools-for-STM32/bin/../lib/gcc/arm-none-eabi/13.3.1/thumb/v7-m/nofp/crti.o
                0x08001e58                _fini
 .fini          0x08001e5c        0x8 /opt/st/stm32cubeclt_1.20.0/GNU-tools-for-STM32/bin/../lib/gcc/arm-none-eabi/13.3.1/thumb/v7-m/nofp/crtn.o
                0x08001e64                        . = ALIGN (0x4)
                0x08001e64                        _etext = .

.vfp11_veneer   0x08001e64        0x0
 .vfp11_veneer  0x08001e64        0x0 linker stubs

.v4_bx          0x08001e64        0x0
 .v4_bx         0x08001e64        0x0 linker stubs

.iplt           0x08001e64        0x0
 .iplt          0x08001e64        0x0 /opt/st/stm32cubeclt_1.20.0/GNU-tools-for-STM32/bin/../lib/gcc/arm-none-eabi/13.3.1/thumb/v7-m/nofp/crtbegin.o

.rodata         0x08001e64       0x30
                0x08001e64                        . = ALIGN (0x4)
 *(.rodata)
 *(.rodata*)
 .rodata.DAYLIGHT
                0x08001e64        0xc CMakeFiles/LEDadjustment.dir/Core/Src/main.c.obj
                0x08001e64                DAYLIGHT
 .rodata.AHBPrescTable
                0x08001e70       0x10 cmake/stm32cubemx/CMakeFiles/STM32_Drivers.dir/__/__/Core/Src/system_stm32f1xx.c.obj
                0x08001e70                AHBPrescTable
 .rodata.aPLLMULFactorTable.1
                0x08001e80       0x10 cmake/stm32cubemx/CMakeFiles/STM32_Drivers.dir/__/__/Drivers/STM32F1xx_HAL_Driver/Src/stm32f1xx_hal_rcc.c.obj
 .rodata.aPredivFactorTable.0
                0x08001e90        0x2 cmake/stm32cubemx/CMakeFiles/STM32_Drivers.dir/__/__/Drivers/STM32F1xx_HAL_Driver/Src/stm32f1xx_hal_rcc.c.obj
                0x08001e94                        . = ALIGN (0x4)
 *fill*         0x08001e92        0x2 

.ARM.extab      0x08001e94        0x0
                0x08001e94                        . = ALIGN (0x4)
 *(.ARM.extab* .gnu.linkonce.armextab.*)
                0x08001e94                        . = ALIGN (0x4)

.ARM            0x08001e94        0x0
                0x08001e94                        . = ALIGN (0x4)
                0x08001e94                        __exidx_start = .
 *(.ARM.exidx*)
                0x08001e94                        __exidx_end = .
                0x08001e94                        . = ALIGN (0x4)

.preinit_array  0x08001e94        0x0
                0x08001e94                        . = ALIGN (0x4)
                0x08001e94                        PROVIDE (__preinit_array_start = .)
 *(.preinit_array*)
                0x08001e94                        PROVIDE (__preinit_array_end = .)
                0x08001e94                        . = ALIGN (0x4)

.init_array     0x08001e94        0x4
                0x08001e94                        . = ALIGN (0x4)
                0x08001e94                        PROVIDE (__init_array_start = .)
 *(SORT_BY_NAME(.init_array.*))
 *(.init_array*)
 .init_array    0x08001e94        0x4 /opt/st/stm32cubeclt_1.20.0/GNU-tools-for-STM32/bin/../lib/gcc/arm-none-eabi/13.3.1/thumb/v7-m/nofp/crtbegin.o
                0x08001e98                        PROVIDE (__init_array_end = .)
                0x08001e98                        . = ALIGN (0x4)

.fini_array     0x08001e98        0x4
                0x08001e98                        . = ALIGN (0x4)
                [!provide]                        PROVIDE (__fini_array_start = .)
 *(SORT_BY_NAME(.fini_array.*))
 *(.fini_array*)
 .fini_array    0x08001e98        0x4 /opt/st/stm32cubeclt_1.20.0/GNU-tools-for-STM32/bin/../lib/gcc/arm-none-eabi/13.3.1/thumb/v7-m/nofp/crtbegin.o
                [!provide]                        PROVIDE (__fini_array_end = .)
                0x08001e9c                        . = ALIGN (0x4)
                0x08001e9c                        _sidata = LOADADDR (.data)

.rel.dyn        0x08001e9c        0x0
 .rel.iplt      0x08001e9c        0x0 /opt/st/stm32cubeclt_1.20.0/GNU-tools-for-STM32/bin/../lib/gcc/arm-none-eabi/13.3.1/thumb/v7-m/nofp/crtbegin.o

.data           0x20000000       0x10 load address 0x08001e9c
                0x20000000                        . = ALIGN (0x4)
                0x20000000                        _sdata = .
 *(.data)
 *(.data*)
 .data.master_brightness
                0x20000000        0x2 CMakeFiles/LEDadjustment.dir/Core/Src/main.c.obj
                0x20000000                master_brightness
 *fill*         0x20000002        0x2 
 .data.SystemCoreClock
                0x20000004        0x4 cmake/stm32cubemx/CMakeFiles/STM32_Drivers.dir/__/__/Core/Src/system_stm32f1xx.c.obj
                0x20000004                SystemCoreClock
 .data.uwTickPrio
                0x20000008        0x4 cmake/stm32cubemx/CMakeFiles/STM32_Drivers.dir/__/__/Drivers/STM32F1xx_HAL_Driver/Src/stm32f1xx_hal.c.obj
                0x20000008                uwTickPrio
 .data.uwTickFreq
                0x2000000c        0x1 cmake/stm32cubemx/CMakeFiles/STM32_Drivers.dir/__/__/Drivers/STM32F1xx_HAL_Driver/Src/stm32f1xx_hal.c.obj
                0x2000000c                uwTickFreq
 *(.RamFunc)
 *(.RamFunc*)
                0x20000010                        . = ALIGN (0x4)
 *fill*         0x2000000d        0x3 

.igot.plt       0x20000010        0x0 load address 0x08001eac
 .igot.plt      0x20000010        0x0 /opt/st/stm32cubeclt_1.20.0/GNU-tools-for-STM32/bin/../lib/gcc/arm-none-eabi/13.3.1/thumb/v7-m/nofp/crtbegin.o

.tdata          0x20000010        0x0 load address 0x08001eac
 *(.tdata .tdata.* .gnu.linkonce.td.*)
                0x20000010                        . = ALIGN (0x4)
                0x20000010                        _edata = .
                [!provide]                        PROVIDE (__data_end = .)
                [!provide]                        PROVIDE (__tdata_end = .)
                [!provide]                        PROVIDE (__tdata_start = ADDR (.tdata))
                [!provide]                        PROVIDE (__tdata_size = (__tdata_end - __tdata_start))
                [!provide]                        PROVIDE (__data_start = ADDR (.data))
                [!provide]                        PROVIDE (__data_size = (__data_end - __data_start))
                [!provide]                        PROVIDE (__tdata_source = LOADADDR (.tdata))
                [!provide]                        PROVIDE (__tdata_source_end = (LOADADDR (.tdata) + SIZEOF (.tdata)))
                [!provide]                        PROVIDE (__tdata_source_size = (__tdata_source_end - __tdata_source))
                [!provide]                        PROVIDE (__data_source = LOADADDR (.data))
                [!provide]                        PROVIDE (__data_source_end = __tdata_source_end)
                [!provide]                        PROVIDE (__data_source_size = (__data_source_end - __data_source))

.tbss           0x20000010        0x0 load address 0x08001eac
                0x20000010                        _sbss = .
                0x20000010                        __bss_start__ = _sbss
 *(.tbss .tbss.*)
                0x20000010                        . = ALIGN (0x4)
                [!provide]                        PROVIDE (__tbss_end = .)
                [!provide]                        PROVIDE (__tbss_start = ADDR (.tbss))
                [!provide]                        PROVIDE (__tbss_size = (__tbss_end - __tbss_start))
                [!provide]                        PROVIDE (__tbss_offset = (ADDR (.tbss) - ADDR (.tdata)))
                [!provide]                        PROVIDE (__tls_base = __tdata_start)
                [!provide]                        PROVIDE (__tls_end = __tbss_end)
                [!provide]                        PROVIDE (__tls_size = (__tls_end - __tls_base))
                [!provide]                        PROVIDE (__tls_align = MAX (ALIGNOF (.tdata), ALIGNOF (.tbss)))
                [!provide]                        PROVIDE (__tls_size_align = (((__tls_size + __tls_align) - 0x1) & ~ ((__tls_align - 0x1))))
                [!provide]                        PROVIDE (__arm32_tls_tcb_offset = MAX (0x8, __tls_align))
                [!provide]                        PROVIDE (__arm64_tls_tcb_offset = MAX (0x10, __tls_align))

.bss            0x20000010       0x68 load address 0x08001eac
 *(.bss)
 .bss           0x20000010       0x1c /opt/st/stm32cubeclt_1.20.0/GNU-tools-for-STM32/bin/../lib/gcc/arm-none-eabi/13.3.1/thumb/v7-m/nofp/crtbegin.o
 *(.bss*)
 .bss.htim1     0x2000002c       0x48 CMakeFiles/LEDadjustment.dir/Core/Src/main.c.obj
                0x2000002c                htim1
 .bss.uwTick    0x20000074        0x4 cmake/stm32cubemx/CMakeFiles/STM32_Drivers.dir/__/__/Drivers/STM32F1xx_HAL_Driver/Src/stm32f1xx_hal.c.obj
                0x20000074                uwTick
 *(COMMON)
                0x20000078                        . = ALIGN (0x4)
                0x20000078                        _ebss = .
                0x20000078                        __bss_end__ = _ebss
                [!provide]                        PROVIDE (__bss_end = .)
                [!provide]                        PROVIDE (__non_tls_bss_start = ADDR (.bss))
                [!provide]                        PROVIDE (__bss_start = __tbss_start)
                [!provide]                        PROVIDE (__bss_size = (__bss_end - __bss_start))

._user_heap_stack
                0x20000078      0x600 load address 0x08001eac
                0x20000078                        . = ALIGN (0x8)
                [!provide]                        PROVIDE (end = .)
                0x20000078                        PROVIDE (_end = .)
                0x20000278                        . = (. + _Min_Heap_Size)
 *fill*         0x20000078      0x200 
                0x20000678                        . = (. + _Min_Stack_Size)
 *fill*         0x20000278      0x400 
                0x20000678                        . = ALIGN (0x8)

/DISCARD/
 libc.a:*(*)
 libm.a:*(*)
 libgcc.a:*(*)
OUTPUT(LEDadjustment.elf elf32-littlearm)
LOAD linker stubs

.ARM.attributes
                0x00000000       0x29
 .ARM.attributes
                0x00000000       0x1d /opt/st/stm32cubeclt_1.20.0/GNU-tools-for-STM32/bin/../lib/gcc/arm-none-eabi/13.3.1/thumb/v7-m/nofp/crti.o
 .ARM.attributes
                0x0000001d       0x2d /opt/st/stm32cubeclt_1.20.0/GNU-tools-for-STM32/bin/../lib/gcc/arm-none-eabi/13.3.1/thumb/v7-m/nofp/crtbegin.o
 .ARM.attributes
                0x0000004a       0x2d CMakeFiles/LEDadjustment.dir/Core/Src/main.c.obj
 .ARM.attributes
                0x00000077       0x2d CMakeFiles/LEDadjustment.dir/Core/Src/stm32f1xx_it.c.obj
 .ARM.attributes
                0x000000a4       0x2d CMakeFiles/LEDadjustment.dir/Core/Src/stm32f1xx_hal_msp.c.obj
 .ARM.attributes
                0x000000d1       0x21 CMakeFiles/LEDadjustment.dir/startup_stm32f103xb.s.obj
 .ARM.attributes
                0x000000f2       0x2d cmake/stm32cubemx/CMakeFiles/STM32_Drivers.dir/__/__/Core/Src/system_stm32f1xx.c.obj
 .ARM.attributes
                0x0000011f       0x2d cmake/stm32cubemx/CMakeFiles/STM32_Drivers.dir/__/__/Drivers/STM32F1xx_HAL_Driver/Src/stm32f1xx_hal_tim.c.obj
 .ARM.attributes
                0x0000014c       0x2d cmake/stm32cubemx/CMakeFiles/STM32_Drivers.dir/__/__/Drivers/STM32F1xx_HAL_Driver/Src/stm32f1xx_hal.c.obj
 .ARM.attributes
                0x00000179       0x2d cmake/stm32cubemx/CMakeFiles/STM32_Drivers.dir/__/__/Drivers/STM32F1xx_HAL_Driver/Src/stm32f1xx_hal_rcc.c.obj
 .ARM.attributes
                0x000001a6       0x2d cmake/stm32cubemx/CMakeFiles/STM32_Drivers.dir/__/__/Drivers/STM32F1xx_HAL_Driver/Src/stm32f1xx_hal_gpio.c.obj
 .ARM.attributes
                0x000001d3       0x2d cmake/stm32cubemx/CMakeFiles/STM32_Drivers.dir/__/__/Drivers/STM32F1xx_HAL_Driver/Src/stm32f1xx_hal_cortex.c.obj
 .ARM.attributes
                0x00000200       0x1d /opt/st/stm32cubeclt_1.20.0/GNU-tools-for-STM32/bin/../lib/gcc/arm-none-eabi/13.3.1/thumb/v7-m/nofp/libgcc.a(_arm_mulsf3.o)
 .ARM.attributes
                0x0000021d       0x1d /opt/st/stm32cubeclt_1.20.0/GNU-tools-for-STM32/bin/../lib/gcc/arm-none-eabi/13.3.1/thumb/v7-m/nofp/libgcc.a(_arm_addsubsf3.o)
 .ARM.attributes
                0x0000023a       0x1d /opt/st/stm32cubeclt_1.20.0/GNU-tools-for-STM32/bin/../lib/gcc/arm-none-eabi/13.3.1/thumb/v7-m/nofp/libgcc.a(_arm_fixunssfsi.o)
 .ARM.attributes
                0x00000257       0x2d /opt/st/stm32cubeclt_1.20.0/GNU-tools-for-STM32/bin/../lib/gcc/arm-none-eabi/13.3.1/../../../../arm-none-eabi/lib/thumb/v7-m/nofp/libg_nano.a(libc_a-memset.o)
 .ARM.attributes
                0x00000284       0x2d /opt/st/stm32cubeclt_1.20.0/GNU-tools-for-STM32/bin/../lib/gcc/arm-none-eabi/13.3.1/../../../../arm-none-eabi/lib/thumb/v7-m/nofp/libg_nano.a(libc_a-init.o)
 .ARM.attributes
                0x000002b1       0x1d /opt/st/stm32cubeclt_1.20.0/GNU-tools-for-STM32/bin/../lib/gcc/arm-none-eabi/13.3.1/thumb/v7-m/nofp/crtn.o

.comment        0x00000000       0x43
 .comment       0x00000000       0x43 CMakeFiles/LEDadjustment.dir/Core/Src/main.c.obj
                                 0x44 (size before relaxing)
 .comment       0x00000043        0x0 CMakeFiles/LEDadjustment.dir/Core/Src/stm32f1xx_it.c.obj
                                 0x44 (size before relaxing)
 .comment       0x00000043        0x0 CMakeFiles/LEDadjustment.dir/Core/Src/stm32f1xx_hal_msp.c.obj
                                 0x44 (size before relaxing)
 .comment       0x00000043        0x0 cmake/stm32cubemx/CMakeFiles/STM32_Drivers.dir/__/__/Core/Src/system_stm32f1xx.c.obj
                                 0x44 (size before relaxing)
 .comment       0x00000043        0x0 cmake/stm32cubemx/CMakeFiles/STM32_Drivers.dir/__/__/Drivers/STM32F1xx_HAL_Driver/Src/stm32f1xx_hal_tim.c.obj
                                 0x44 (size before relaxing)
 .comment       0x00000043        0x0 cmake/stm32cubemx/CMakeFiles/STM32_Drivers.dir/__/__/Drivers/STM32F1xx_HAL_Driver/Src/stm32f1xx_hal.c.obj
                                 0x44 (size before relaxing)
 .comment       0x00000043        0x0 cmake/stm32cubemx/CMakeFiles/STM32_Drivers.dir/__/__/Drivers/STM32F1xx_HAL_Driver/Src/stm32f1xx_hal_rcc.c.obj
                                 0x44 (size before relaxing)
 .comment       0x00000043        0x0 cmake/stm32cubemx/CMakeFiles/STM32_Drivers.dir/__/__/Drivers/STM32F1xx_HAL_Driver/Src/stm32f1xx_hal_gpio.c.obj
                                 0x44 (size before relaxing)
 .comment       0x00000043        0x0 cmake/stm32cubemx/CMakeFiles/STM32_Drivers.dir/__/__/Drivers/STM32F1xx_HAL_Driver/Src/stm32f1xx_hal_cortex.c.obj
                                 0x44 (size before relaxing)
 .comment       0x00000043        0x0 /opt/st/stm32cubeclt_1.20.0/GNU-tools-for-STM32/bin/../lib/gcc/arm-none-eabi/13.3.1/../../../../arm-none-eabi/lib/thumb/v7-m/nofp/libg_nano.a(libc_a-memset.o)
                                 0x44 (size before relaxing)
 .comment       0x00000043        0x0 /opt/st/stm32cubeclt_1.20.0/GNU-tools-for-STM32/bin/../lib/gcc/arm-none-eabi/13.3.1/../../../../arm-none-eabi/lib/thumb/v7-m/nofp/libg_nano.a(libc_a-init.o)
                                 0x44 (size before relaxing)

.debug_info     0x00000000     0x6229
 .debug_info    0x00000000      0xb91 CMakeFiles/LEDadjustment.dir/Core/Src/main.c.obj
 .debug_info    0x00000b91      0x113 CMakeFiles/LEDadjustment.dir/Core/Src/stm32f1xx_it.c.obj
 .debug_info    0x00000ca4      0x8e4 CMakeFiles/LEDadjustment.dir/Core/Src/stm32f1xx_hal_msp.c.obj
 .debug_info    0x00001588       0x30 CMakeFiles/LEDadjustment.dir/startup_stm32f103xb.s.obj
 .debug_info    0x000015b8      0x222 cmake/stm32cubemx/CMakeFiles/STM32_Drivers.dir/__/__/Core/Src/system_stm32f1xx.c.obj
 .debug_info    0x000017da     0x2959 cmake/stm32cubemx/CMakeFiles/STM32_Drivers.dir/__/__/Drivers/STM32F1xx_HAL_Driver/Src/stm32f1xx_hal_tim.c.obj
 .debug_info    0x00004133      0x704 cmake/stm32cubemx/CMakeFiles/STM32_Drivers.dir/__/__/Drivers/STM32F1xx_HAL_Driver/Src/stm32f1xx_hal.c.obj
 .debug_info    0x00004837      0x7d5 cmake/stm32cubemx/CMakeFiles/STM32_Drivers.dir/__/__/Drivers/STM32F1xx_HAL_Driver/Src/stm32f1xx_hal_rcc.c.obj
 .debug_info    0x0000500c      0x5ab cmake/stm32cubemx/CMakeFiles/STM32_Drivers.dir/__/__/Drivers/STM32F1xx_HAL_Driver/Src/stm32f1xx_hal_gpio.c.obj
 .debug_info    0x000055b7      0xa87 cmake/stm32cubemx/CMakeFiles/STM32_Drivers.dir/__/__/Drivers/STM32F1xx_HAL_Driver/Src/stm32f1xx_hal_cortex.c.obj
 .debug_info    0x0000603e       0xe0 /opt/st/stm32cubeclt_1.20.0/GNU-tools-for-STM32/bin/../lib/gcc/arm-none-eabi/13.3.1/../../../../arm-none-eabi/lib/thumb/v7-m/nofp/libg_nano.a(libc_a-memset.o)
 .debug_info    0x0000611e      0x10b /opt/st/stm32cubeclt_1.20.0/GNU-tools-for-STM32/bin/../lib/gcc/arm-none-eabi/13.3.1/../../../../arm-none-eabi/lib/thumb/v7-m/nofp/libg_nano.a(libc_a-init.o)

.debug_abbrev   0x00000000     0x138d
 .debug_abbrev  0x00000000      0x294 CMakeFiles/LEDadjustment.dir/Core/Src/main.c.obj
 .debug_abbrev  0x00000294       0x73 CMakeFiles/LEDadjustment.dir/Core/Src/stm32f1xx_it.c.obj
 .debug_abbrev  0x00000307      0x1cf CMakeFiles/LEDadjustment.dir/Core/Src/stm32f1xx_hal_msp.c.obj
 .debug_abbrev  0x000004d6       0x24 CMakeFiles/LEDadjustment.dir/startup_stm32f103xb.s.obj
 .debug_abbrev  0x000004fa      0x13f cmake/stm32cubemx/CMakeFiles/STM32_Drivers.dir/__/__/Core/Src/system_stm32f1xx.c.obj
 .debug_abbrev  0x00000639      0x277 cmake/stm32cubemx/CMakeFiles/STM32_Drivers.dir/__/__/Drivers/STM32F1xx_HAL_Driver/Src/stm32f1xx_hal_tim.c.obj
 .debug_abbrev  0x000008b0      0x201 cmake/stm32cubemx/CMakeFiles/STM32_Drivers.dir/__/__/Drivers/STM32F1xx_HAL_Driver/Src/stm32f1xx_hal.c.obj
 .debug_abbrev  0x00000ab1      0x2b3 cmake/stm32cubemx/CMakeFiles/STM32_Drivers.dir/__/__/Drivers/STM32F1xx_HAL_Driver/Src/stm32f1xx_hal_rcc.c.obj
 .debug_abbrev  0x00000d64      0x1ca cmake/stm32cubemx/CMakeFiles/STM32_Drivers.dir/__/__/Drivers/STM32F1xx_HAL_Driver/Src/stm32f1xx_hal_gpio.c.obj
 .debug_abbrev  0x00000f2e      0x2f8 cmake/stm32cubemx/CMakeFiles/STM32_Drivers.dir/__/__/Drivers/STM32F1xx_HAL_Driver/Src/stm32f1xx_hal_cortex.c.obj
 .debug_abbrev  0x00001226       0x9e /opt/st/stm32cubeclt_1.20.0/GNU-tools-for-STM32/bin/../lib/gcc/arm-none-eabi/13.3.1/../../../../arm-none-eabi/lib/thumb/v7-m/nofp/libg_nano.a(libc_a-memset.o)
 .debug_abbrev  0x000012c4       0xc9 /opt/st/stm32cubeclt_1.20.0/GNU-tools-for-STM32/bin/../lib/gcc/arm-none-eabi/13.3.1/../../../../arm-none-eabi/lib/thumb/v7-m/nofp/libg_nano.a(libc_a-init.o)

.debug_aranges  0x00000000      0x808
 .debug_aranges
                0x00000000       0x48 CMakeFiles/LEDadjustment.dir/Core/Src/main.c.obj
 .debug_aranges
                0x00000048       0x60 CMakeFiles/LEDadjustment.dir/Core/Src/stm32f1xx_it.c.obj
 .debug_aranges
                0x000000a8       0x38 CMakeFiles/LEDadjustment.dir/Core/Src/stm32f1xx_hal_msp.c.obj
 .debug_aranges
                0x000000e0       0x28 CMakeFiles/LEDadjustment.dir/startup_stm32f103xb.s.obj
 .debug_aranges
                0x00000108       0x28 cmake/stm32cubemx/CMakeFiles/STM32_Drivers.dir/__/__/Core/Src/system_stm32f1xx.c.obj
 .debug_aranges
                0x00000130      0x3d0 cmake/stm32cubemx/CMakeFiles/STM32_Drivers.dir/__/__/Drivers/STM32F1xx_HAL_Driver/Src/stm32f1xx_hal_tim.c.obj
 .debug_aranges
                0x00000500       0xe0 cmake/stm32cubemx/CMakeFiles/STM32_Drivers.dir/__/__/Drivers/STM32F1xx_HAL_Driver/Src/stm32f1xx_hal.c.obj
 .debug_aranges
                0x000005e0       0x90 cmake/stm32cubemx/CMakeFiles/STM32_Drivers.dir/__/__/Drivers/STM32F1xx_HAL_Driver/Src/stm32f1xx_hal_rcc.c.obj
 .debug_aranges
                0x00000670       0x58 cmake/stm32cubemx/CMakeFiles/STM32_Drivers.dir/__/__/Drivers/STM32F1xx_HAL_Driver/Src/stm32f1xx_hal_gpio.c.obj
 .debug_aranges
                0x000006c8      0x100 cmake/stm32cubemx/CMakeFiles/STM32_Drivers.dir/__/__/Drivers/STM32F1xx_HAL_Driver/Src/stm32f1xx_hal_cortex.c.obj
 .debug_aranges
                0x000007c8       0x20 /opt/st/stm32cubeclt_1.20.0/GNU-tools-for-STM32/bin/../lib/gcc/arm-none-eabi/13.3.1/../../../../arm-none-eabi/lib/thumb/v7-m/nofp/libg_nano.a(libc_a-memset.o)
 .debug_aranges
                0x000007e8       0x20 /opt/st/stm32cubeclt_1.20.0/GNU-tools-for-STM32/bin/../lib/gcc/arm-none-eabi/13.3.1/../../../../arm-none-eabi/lib/thumb/v7-m/nofp/libg_nano.a(libc_a-init.o)

.debug_rnglists
                0x00000000      0x617
 .debug_rnglists
                0x00000000       0x33 CMakeFiles/LEDadjustment.dir/Core/Src/main.c.obj
 .debug_rnglists
                0x00000033       0x43 CMakeFiles/LEDadjustment.dir/Core/Src/stm32f1xx_it.c.obj
 .debug_rnglists
                0x00000076       0x25 CMakeFiles/LEDadjustment.dir/Core/Src/stm32f1xx_hal_msp.c.obj
 .debug_rnglists
                0x0000009b       0x19 CMakeFiles/LEDadjustment.dir/startup_stm32f103xb.s.obj
 .debug_rnglists
                0x000000b4       0x1a cmake/stm32cubemx/CMakeFiles/STM32_Drivers.dir/__/__/Core/Src/system_stm32f1xx.c.obj
 .debug_rnglists
                0x000000ce      0x31a cmake/stm32cubemx/CMakeFiles/STM32_Drivers.dir/__/__/Drivers/STM32F1xx_HAL_Driver/Src/stm32f1xx_hal_tim.c.obj
 .debug_rnglists
                0x000003e8       0xa3 cmake/stm32cubemx/CMakeFiles/STM32_Drivers.dir/__/__/Drivers/STM32F1xx_HAL_Driver/Src/stm32f1xx_hal.c.obj
 .debug_rnglists
                0x0000048b       0x6c cmake/stm32cubemx/CMakeFiles/STM32_Drivers.dir/__/__/Drivers/STM32F1xx_HAL_Driver/Src/stm32f1xx_hal_rcc.c.obj
 .debug_rnglists
                0x000004f7       0x3f cmake/stm32cubemx/CMakeFiles/STM32_Drivers.dir/__/__/Drivers/STM32F1xx_HAL_Driver/Src/stm32f1xx_hal_gpio.c.obj
 .debug_rnglists
                0x00000536       0xbb cmake/stm32cubemx/CMakeFiles/STM32_Drivers.dir/__/__/Drivers/STM32F1xx_HAL_Driver/Src/stm32f1xx_hal_cortex.c.obj
 .debug_rnglists
                0x000005f1       0x13 /opt/st/stm32cubeclt_1.20.0/GNU-tools-for-STM32/bin/../lib/gcc/arm-none-eabi/13.3.1/../../../../arm-none-eabi/lib/thumb/v7-m/nofp/libg_nano.a(libc_a-memset.o)
 .debug_rnglists
                0x00000604       0x13 /opt/st/stm32cubeclt_1.20.0/GNU-tools-for-STM32/bin/../lib/gcc/arm-none-eabi/13.3.1/../../../../arm-none-eabi/lib/thumb/v7-m/nofp/libg_nano.a(libc_a-init.o)

.debug_macro    0x00000000    0x1648d
 .debug_macro   0x00000000      0x1a3 CMakeFiles/LEDadjustment.dir/Core/Src/main.c.obj
 .debug_macro   0x000001a3      0xacc CMakeFiles/LEDadjustment.dir/Core/Src/main.c.obj
 .debug_macro   0x00000c6f      0x215 CMakeFiles/LEDadjustment.dir/Core/Src/main.c.obj
 .debug_macro   0x00000e84       0x2e CMakeFiles/LEDadjustment.dir/Core/Src/main.c.obj
 .debug_macro   0x00000eb2       0x22 CMakeFiles/LEDadjustment.dir/Core/Src/main.c.obj
 .debug_macro   0x00000ed4       0x22 CMakeFiles/LEDadjustment.dir/Core/Src/main.c.obj
 .debug_macro   0x00000ef6       0x8e CMakeFiles/LEDadjustment.dir/Core/Src/main.c.obj
 .debug_macro   0x00000f84       0x51 CMakeFiles/LEDadjustment.dir/Core/Src/main.c.obj
 .debug_macro   0x00000fd5      0x103 CMakeFiles/LEDadjustment.dir/Core/Src/main.c.obj
 .debug_macro   0x000010d8       0x6a CMakeFiles/LEDadjustment.dir/Core/Src/main.c.obj
 .debug_macro   0x00001142      0x1df CMakeFiles/LEDadjustment.dir/Core/Src/main.c.obj
 .debug_macro   0x00001321       0x1c CMakeFiles/LEDadjustment.dir/Core/Src/main.c.obj
 .debug_macro   0x0000133d       0x22 CMakeFiles/LEDadjustment.dir/Core/Src/main.c.obj
 .debug_macro   0x0000135f       0xbd CMakeFiles/LEDadjustment.dir/Core/Src/main.c.obj
 .debug_macro   0x0000141c      0xd23 CMakeFiles/LEDadjustment.dir/Core/Src/main.c.obj
 .debug_macro   0x0000213f     0xe09e CMakeFiles/LEDadjustment.dir/Core/Src/main.c.obj
 .debug_macro   0x000101dd       0x6d CMakeFiles/LEDadjustment.dir/Core/Src/main.c.obj
 .debug_macro   0x0001024a     0x34a2 CMakeFiles/LEDadjustment.dir/Core/Src/main.c.obj
 .debug_macro   0x000136ec      0x190 CMakeFiles/LEDadjustment.dir/Core/Src/main.c.obj
 .debug_macro   0x0001387c       0x5c CMakeFiles/LEDadjustment.dir/Core/Src/main.c.obj
 .debug_macro   0x000138d8      0x5bc CMakeFiles/LEDadjustment.dir/Core/Src/main.c.obj
 .debug_macro   0x00013e94      0x289 CMakeFiles/LEDadjustment.dir/Core/Src/main.c.obj
 .debug_macro   0x0001411d      0x1cb CMakeFiles/LEDadjustment.dir/Core/Src/main.c.obj
 .debug_macro   0x000142e8      0x114 CMakeFiles/LEDadjustment.dir/Core/Src/main.c.obj
 .debug_macro   0x000143fc      0x1b2 CMakeFiles/LEDadjustment.dir/Core/Src/main.c.obj
 .debug_macro   0x000145ae       0x27 CMakeFiles/LEDadjustment.dir/Core/Src/main.c.obj
 .debug_macro   0x000145d5      0x136 CMakeFiles/LEDadjustment.dir/Core/Src/main.c.obj
 .debug_macro   0x0001470b      0x1bc CMakeFiles/LEDadjustment.dir/Core/Src/main.c.obj
 .debug_macro   0x000148c7       0x34 CMakeFiles/LEDadjustment.dir/Core/Src/main.c.obj
 .debug_macro   0x000148fb       0x3c CMakeFiles/LEDadjustment.dir/Core/Src/main.c.obj
 .debug_macro   0x00014937       0x57 CMakeFiles/LEDadjustment.dir/Core/Src/main.c.obj
 .debug_macro   0x0001498e       0x87 CMakeFiles/LEDadjustment.dir/Core/Src/main.c.obj
 .debug_macro   0x00014a15      0x240 CMakeFiles/LEDadjustment.dir/Core/Src/main.c.obj
 .debug_macro   0x00014c55      0x140 CMakeFiles/LEDadjustment.dir/Core/Src/main.c.obj
 .debug_macro   0x00014d95      0x8ed CMakeFiles/LEDadjustment.dir/Core/Src/main.c.obj
 .debug_macro   0x00015682       0x83 CMakeFiles/LEDadjustment.dir/Core/Src/main.c.obj
 .debug_macro   0x00015705      0x1ad CMakeFiles/LEDadjustment.dir/Core/Src/stm32f1xx_it.c.obj
 .debug_macro   0x000158b2      0x1a3 CMakeFiles/LEDadjustment.dir/Core/Src/stm32f1xx_hal_msp.c.obj
 .debug_macro   0x00015a55      0x199 cmake/stm32cubemx/CMakeFiles/STM32_Drivers.dir/__/__/Core/Src/system_stm32f1xx.c.obj
 .debug_macro   0x00015bee      0x19a cmake/stm32cubemx/CMakeFiles/STM32_Drivers.dir/__/__/Drivers/STM32F1xx_HAL_Driver/Src/stm32f1xx_hal_tim.c.obj
 .debug_macro   0x00015d88      0x1bd cmake/stm32cubemx/CMakeFiles/STM32_Drivers.dir/__/__/Drivers/STM32F1xx_HAL_Driver/Src/stm32f1xx_hal.c.obj
 .debug_macro   0x00015f45      0x1ab cmake/stm32cubemx/CMakeFiles/STM32_Drivers.dir/__/__/Drivers/STM32F1xx_HAL_Driver/Src/stm32f1xx_hal_rcc.c.obj
 .debug_macro   0x000160f0      0x204 cmake/stm32cubemx/CMakeFiles/STM32_Drivers.dir/__/__/Drivers/STM32F1xx_HAL_Driver/Src/stm32f1xx_hal_gpio.c.obj
 .debug_macro   0x000162f4      0x199 cmake/stm32cubemx/CMakeFiles/STM32_Drivers.dir/__/__/Drivers/STM32F1xx_HAL_Driver/Src/stm32f1xx_hal_cortex.c.obj

.debug_line     0x00000000     0x8134
 .debug_line    0x00000000      0x7a0 CMakeFiles/LEDadjustment.dir/Core/Src/main.c.obj
 .debug_line    0x000007a0      0x74a CMakeFiles/LEDadjustment.dir/Core/Src/stm32f1xx_it.c.obj
 .debug_line    0x00000eea      0x700 CMakeFiles/LEDadjustment.dir/Core/Src/stm32f1xx_hal_msp.c.obj
 .debug_line    0x000015ea       0x78 CMakeFiles/LEDadjustment.dir/startup_stm32f103xb.s.obj
 .debug_line    0x00001662      0x732 cmake/stm32cubemx/CMakeFiles/STM32_Drivers.dir/__/__/Core/Src/system_stm32f1xx.c.obj
 .debug_line    0x00001d94     0x3451 cmake/stm32cubemx/CMakeFiles/STM32_Drivers.dir/__/__/Drivers/STM32F1xx_HAL_Driver/Src/stm32f1xx_hal_tim.c.obj
 .debug_line    0x000051e5      0x963 cmake/stm32cubemx/CMakeFiles/STM32_Drivers.dir/__/__/Drivers/STM32F1xx_HAL_Driver/Src/stm32f1xx_hal.c.obj
 .debug_line    0x00005b48      0xe1c cmake/stm32cubemx/CMakeFiles/STM32_Drivers.dir/__/__/Drivers/STM32F1xx_HAL_Driver/Src/stm32f1xx_hal_rcc.c.obj
 .debug_line    0x00006964      0x9c0 cmake/stm32cubemx/CMakeFiles/STM32_Drivers.dir/__/__/Drivers/STM32F1xx_HAL_Driver/Src/stm32f1xx_hal_gpio.c.obj
 .debug_line    0x00007324      0xb2d cmake/stm32cubemx/CMakeFiles/STM32_Drivers.dir/__/__/Drivers/STM32F1xx_HAL_Driver/Src/stm32f1xx_hal_cortex.c.obj
 .debug_line    0x00007e51      0x17e /opt/st/stm32cubeclt_1.20.0/GNU-tools-for-STM32/bin/../lib/gcc/arm-none-eabi/13.3.1/../../../../arm-none-eabi/lib/thumb/v7-m/nofp/libg_nano.a(libc_a-memset.o)
 .debug_line    0x00007fcf      0x165 /opt/st/stm32cubeclt_1.20.0/GNU-tools-for-STM32/bin/../lib/gcc/arm-none-eabi/13.3.1/../../../../arm-none-eabi/lib/thumb/v7-m/nofp/libg_nano.a(libc_a-init.o)

.debug_str      0x00000000    0x84244
 .debug_str     0x00000000    0x84244 CMakeFiles/LEDadjustment.dir/Core/Src/main.c.obj
                              0x822f4 (size before relaxing)
 .debug_str     0x00084244        0x0 CMakeFiles/LEDadjustment.dir/Core/Src/stm32f1xx_it.c.obj
                              0x81b66 (size before relaxing)
 .debug_str     0x00084244        0x0 CMakeFiles/LEDadjustment.dir/Core/Src/stm32f1xx_hal_msp.c.obj
                              0x820b6 (size before relaxing)
 .debug_str     0x00084244        0x0 CMakeFiles/LEDadjustment.dir/startup_stm32f103xb.s.obj
                                 0xbc (size before relaxing)
 .debug_str     0x00084244        0x0 cmake/stm32cubemx/CMakeFiles/STM32_Drivers.dir/__/__/Core/Src/system_stm32f1xx.c.obj
                              0x81b8e (size before relaxing)
 .debug_str     0x00084244        0x0 cmake/stm32cubemx/CMakeFiles/STM32_Drivers.dir/__/__/Drivers/STM32F1xx_HAL_Driver/Src/stm32f1xx_hal_tim.c.obj
                              0x82fbf (size before relaxing)
 .debug_str     0x00084244        0x0 cmake/stm32cubemx/CMakeFiles/STM32_Drivers.dir/__/__/Drivers/STM32F1xx_HAL_Driver/Src/stm32f1xx_hal.c.obj
                              0x822c1 (size before relaxing)
 .debug_str     0x00084244        0x0 cmake/stm32cubemx/CMakeFiles/STM32_Drivers.dir/__/__/Drivers/STM32F1xx_HAL_Driver/Src/stm32f1xx_hal_rcc.c.obj
                              0x81fbd (size before relaxing)
 .debug_str     0x00084244        0x0 cmake/stm32cubemx/CMakeFiles/STM32_Drivers.dir/__/__/Drivers/STM32F1xx_HAL_Driver/Src/stm32f1xx_hal_gpio.c.obj
                              0x81f14 (size before relaxing)
 .debug_str     0x00084244        0x0 cmake/stm32cubemx/CMakeFiles/STM32_Drivers.dir/__/__/Drivers/STM32F1xx_HAL_Driver/Src/stm32f1xx_hal_cortex.c.obj
                              0x8220d (size before relaxing)
 .debug_str     0x00084244        0x0 /opt/st/stm32cubeclt_1.20.0/GNU-tools-for-STM32/bin/../lib/gcc/arm-none-eabi/13.3.1/../../../../arm-none-eabi/lib/thumb/v7-m/nofp/libg_nano.a(libc_a-memset.o)
                                0x209 (size before relaxing)
 .debug_str     0x00084244        0x0 /opt/st/stm32cubeclt_1.20.0/GNU-tools-for-STM32/bin/../lib/gcc/arm-none-eabi/13.3.1/../../../../arm-none-eabi/lib/thumb/v7-m/nofp/libg_nano.a(libc_a-init.o)
                                0x26a (size before relaxing)

.debug_frame    0x00000000     0x203c
 .debug_frame   0x00000000       0xdc CMakeFiles/LEDadjustment.dir/Core/Src/main.c.obj
 .debug_frame   0x000000dc      0x104 CMakeFiles/LEDadjustment.dir/Core/Src/stm32f1xx_it.c.obj
 .debug_frame   0x000001e0       0xac CMakeFiles/LEDadjustment.dir/Core/Src/stm32f1xx_hal_msp.c.obj
 .debug_frame   0x0000028c       0x58 cmake/stm32cubemx/CMakeFiles/STM32_Drivers.dir/__/__/Core/Src/system_stm32f1xx.c.obj
 .debug_frame   0x000002e4     0x11b8 cmake/stm32cubemx/CMakeFiles/STM32_Drivers.dir/__/__/Drivers/STM32F1xx_HAL_Driver/Src/stm32f1xx_hal_tim.c.obj
 .debug_frame   0x0000149c      0x334 cmake/stm32cubemx/CMakeFiles/STM32_Drivers.dir/__/__/Drivers/STM32F1xx_HAL_Driver/Src/stm32f1xx_hal.c.obj
 .debug_frame   0x000017d0      0x218 cmake/stm32cubemx/CMakeFiles/STM32_Drivers.dir/__/__/Drivers/STM32F1xx_HAL_Driver/Src/stm32f1xx_hal_rcc.c.obj
 .debug_frame   0x000019e8      0x14c cmake/stm32cubemx/CMakeFiles/STM32_Drivers.dir/__/__/Drivers/STM32F1xx_HAL_Driver/Src/stm32f1xx_hal_gpio.c.obj
 .debug_frame   0x00001b34      0x428 cmake/stm32cubemx/CMakeFiles/STM32_Drivers.dir/__/__/Drivers/STM32F1xx_HAL_Driver/Src/stm32f1xx_hal_cortex.c.obj
 .debug_frame   0x00001f5c       0x24 /opt/st/stm32cubeclt_1.20.0/GNU-tools-for-STM32/bin/../lib/gcc/arm-none-eabi/13.3.1/thumb/v7-m/nofp/libgcc.a(_arm_mulsf3.o)
 .debug_frame   0x00001f80       0x4c /opt/st/stm32cubeclt_1.20.0/GNU-tools-for-STM32/bin/../lib/gcc/arm-none-eabi/13.3.1/thumb/v7-m/nofp/libgcc.a(_arm_addsubsf3.o)
 .debug_frame   0x00001fcc       0x24 /opt/st/stm32cubeclt_1.20.0/GNU-tools-for-STM32/bin/../lib/gcc/arm-none-eabi/13.3.1/thumb/v7-m/nofp/libgcc.a(_arm_fixunssfsi.o)
 .debug_frame   0x00001ff0       0x20 /opt/st/stm32cubeclt_1.20.0/GNU-tools-for-STM32/bin/../lib/gcc/arm-none-eabi/13.3.1/../../../../arm-none-eabi/lib/thumb/v7-m/nofp/libg_nano.a(libc_a-memset.o)
 .debug_frame   0x00002010       0x2c /opt/st/stm32cubeclt_1.20.0/GNU-tools-for-STM32/bin/../lib/gcc/arm-none-eabi/13.3.1/../../../../arm-none-eabi/lib/thumb/v7-m/nofp/libg_nano.a(libc_a-init.o)

.debug_line_str
                0x00000000       0xa0
 .debug_line_str
                0x00000000       0xa0 CMakeFiles/LEDadjustment.dir/startup_stm32f103xb.s.obj

.debug_loclists
                0x00000000       0x6f
 .debug_loclists
                0x00000000       0x3b /opt/st/stm32cubeclt_1.20.0/GNU-tools-for-STM32/bin/../lib/gcc/arm-none-eabi/13.3.1/../../../../arm-none-eabi/lib/thumb/v7-m/nofp/libg_nano.a(libc_a-memset.o)
 .debug_loclists
                0x0000003b       0x34 /opt/st/stm32cubeclt_1.20.0/GNU-tools-for-STM32/bin/../lib/gcc/arm-none-eabi/13.3.1/../../../../arm-none-eabi/lib/thumb/v7-m/nofp/libg_nano.a(libc_a-init.o)
